================================================================
cipher: ChaCha8
   key: 68656c6c6f776f726c642168656c6c6f776f726c642168656c6c6f776f726c64
 nonce: 2168656c6c6f776f
offset: 0
b1f58553e8da8e990e3aba77a03f7db6c56809aa134f953cfc3a1ebb093f1089
5ff88528ef212a72c1fc58b6124b4b3692610e3e97069ab1dc62a8ebc51094f9
62082f784d9b2ae2486e457da3c02c103bf426cd40ced5080933f7d904c8505a
fa063e2b4bb8211af256fa7ad7d86c70cfecd352c63876fcaf3f052abbe5a926
0e9ab17c7b82f606b3eefeceaf24a0c4162494317709ea24215783dbfac17afa
48f40c735dbfdbe6812353b81fa4f9b3a2870182ae08e898dbafe49358632e17
4bffd3c45378dbf48eaf235bf18ec90801fc448d9a501db63854d7581af2223a
14894596ae1a264dd15b91aee9202d016261cb1d9ba2cee58741cbd263033ab4
90e510d1706a00ea78919c2e12b185cfc9dca927790cdb92bd87905d6b19192d
435aee2d0b142895d8594bc6dc3e12e2448d5365916e209573be026afa9cb327
6e160a91e1283e4071bdf045a2c90eb1c73fbb4a2ddec5aeb34d409d147231c5
c53136df623829edc8c2b06e215037d82461db2af68baba1a0f591431a57671e
582f0c24240a1621ba2b2985baf1dc250ea1de554032d15257d5f344558a6176
8b1f36ff9dd6916b7d6a44fee5f2c387775e4a90bd07ea0619a9b1d9d2fb5e86
8d24b682d9cf1533db896fff6838513cd8bae1e36277d5f7f959579d7b233316
2d4038708bc4702dc871496342704cd9a240f58a559780fc4b43d128e2135167
================================================================
cipher: ChaCha12
   key: 68656c6c6f776f726c642168656c6c6f776f726c642168656c6c6f776f726c64
 nonce: 2168656c6c6f776f
offset: 0
133ff6d92cc8a7ad5e43835b3cb97380f0ddb318ea0d565038f764c9243543ba
e6498bbcc34084af6d259b84aaf4f82a554510f7da83069f3d9ed3725a2a172c
8e561c12257a69f1c724b7824978ca6b70e2207edc7decd704598f7e977bffbf
041963309af4e13eeda8e7f126954fe6f23dac68052aca83f568c83e702fc808
671979b8809ad02f07e93b96959c555465efb49398f1cf7fa9777eaf7f5aacf1
e0c02affa59d41efb57672a622896c7cea6a7b44260ffbd9af60ac06301804a5
4b003d56e0e54550f5cb0f3fc32f7befd2b7e283f4b7fd6d63fceda256e21f4d
b40f4b832c06a7e66e62c6b278fd1ee24b9959dbe0a254f0e64ae4fe132be651
45ce563b259d5ee5568ea0d0ed8095199b552775b89b6d36a9c52bb8332718bc
ee427fcfb9e1b986a45ddcbc1f8f9ca69a1016a441f093ba169befb095e23e08
d34975af9655d076ce7d7508d0d6660d3d4235b78fffe7769925dc2063f242e7
f32739b0c60a9023388aabb177e937e89c54f582ff25b4779a0a761644d01b90
400b80c87d6f5ec61d28dd319be481fefcd1a9f0921da256152594e79d1cadc9
0b92e11ad15121782031d0ad827535c045f281cca41ad14cb6f20f99a43b142c
b6cc6e6c7eacf85be145384ba5caaae10dfdc8652496e21f7f58958c54bb7460
00c545f1c327f2acc014846224351e81fbe9f4373c6088d44d8e4857eda55678
================================================================
cipher: ChaCha20
   key: 68656c6c6f776f726c642168656c6c6f776f726c642168656c6c6f776f726c64
 nonce: 2168656c6c6f776f
offset: 0
c60f51241671d359853c0d042d09c0d434caae18c541040caa1c6d0b131aa9e6
ac97594d8b9fe62bb89c6575d7271499151d1a7f5a73ff1b6a50e6d793c97682
a090bb8422c2e9ac5e829197803a8c4ef81069020d120a99ebdfccf6ab759b8c
b2ead86f2a5baa5151f6f0a695b459c198feae5011ee521019885fa56d422ce2
b96231b392d4e87dee547332f47df049bdc6db6371034200262531638615f401
d61c10aff325285eab9c00cfef6cf67810147d5efe6e0b0f1c194c868cc76001
e1e0f8287f8460406ed48bbff9826add122b35cd51d15c5d8660133c5f930f5e
28c4dd47e3ebf0401dd4111676dbc8b5fd4bbbedfe095154cc1afee6ed0d1ae8
80b1a1b74eb1045d7adf8c88bd1b637eb8edeccddd330af28a096b8d297b6b89
bf06c58d50359cd6dd575695f3b038456b19a22420bcb78f13672667d2a64832
10ae4fb4f2e43cd837c91b5755cc9fe188e33e5300041b3cc57258b459193eda
235b13a8eeefc491d37ba45a78324d27a366f8bf0cb163298b18ab3fe22a0129
e559024545db1cf16e688c16e88aac92804ee768c61759cf867696aa55af049d
40ae9921bebb9364428452de90c8ed4c88105fcb6cc85117a3b6b62abb851001
edef064efc5fe5a3841af7e4dabef0287d136a4c8864f13271a4255f32fce9ac
fc899df4d0ddf6ba217abc7bd416ea48ff8d8b1a45fb8668cf828af8ac54e171
================================================================
cipher: ChaCha8
   key: 0000000000000000000000000000000000000000000000000000000000000000
 nonce: 0000000000000000
offset: 0
3e00ef2f895f40d67f5bb8e81f09a5a12c840ec3ce9a7f3b181be188ef711a1e
984ce172b9216f419f445367456d5619314a42a3da86b001387bfdb80e0cfe42
d2aefa0deaa5c151bf0adb6c01f2a5adc0fd581259f9a2aadcf20f8fd566a26b
5032ec38bbc5da98ee0c6f568b872a65a08abf251deb21bb4b56e5d8821e68aa
7fe7b1ff12cffd9d7e21f517501ecaff43cea3e8e3eb28cbd8d1001f68b5c687
55b970d3b7dafc64d3e59bdeaadc8f82a975a481df31b52870aa5fa2ba340af9
2ba037cdb63cb5a7277dc5d6dc549e4e28a15c70670f0e97787c170485829264
ecbf14bddeb68410f423e8849e0ce35c10d20a802bbc3d9a6ca01c386279bf01
e8f75f478cb0d159db767341602fa02d3e01c3d9aacf9b686eccf1bb5ff4c8fd
21473e89d50f51f9a1ced2390c72ee7e37f15728e61d1fb2c8c839495e489052
8c146d00fe2e1caec31b159fc42dcd7e06865c6fa5267c6ca9c5284e651e175a
362f469b6e722347de959f76533315542ffa440d37cde8862da3b3331e53b60d
73baeb620e63a2e646ea148974350aa337491e5f5fc087cb429173d1eeb74f5a
73acc6c3d72b59b8bf5ab58cdcf76aa001689aac938a75b1bb25d77b5382898c
4e73ba04bae3a083c8a2109f15b8c4680ae4ba1c70df5b513425349a77e95d3b
565825a0227d45068e61eb90aa1a4dc414c0976911a52d46b39f40c5849e5abe
================================================================
cipher: ChaCha12
   key: 0000000000000000000000000000000000000000000000000000000000000000
 nonce: 0000000000000000
offset: 0
9bf49a6a0755f953811fce125f2683d50429c3bb49e074147e0089a52eae155f
0564f879d27ae3c02ce82834acfa8c793a629f2ca0de6919610be82f411326be
0bd58841203e74fe86fc71338ce0173dc628ebb719bdcbcc151585214cc089b4
42258dcda14cf111c602b8971b8cc843e91e46ca905151c02744a6b017e69316
b20cd67c4bdecc538e8be990c1b6425d68bfd3a6fe97693e4846351596cca8ab
f59fddd0b7f52dcc0c60a448cbf9511610b0a742f1e4d238a7a45cae054ec21c
e0107e1661bac638d0a4636cfdbbf6d5fa18e27318da330296d0a387180d6c8c
d202f5628b6cabe10d5ab83244e4b230efd4dcccefc4635892d35e9dcb7225df
f4b72cdf4b3c419a5842704b1fee794023a5eae0223956fb2c47016e107b844e
9183f4776b3ea59a1781e564a3eae96769397b8ab435b25dda4189e103d031cf
9d94d71c071c651a597155e152fbd07bb580077d80935bf23663425ff2a5f1a9
a73ceacbb5fbdb93619fe47144798f36653dec8192d787ed4056c4733c4f0076
6720e0132f055a0a0ddb8a68be235c0e1231f67e9f28eb821eac5b1d39c93e0f
110c21543f215fb79f8c854061fb802e64727e63ea43879b280e4f6a67888790
f8ae9c46dea473e8cc705a6af32252e8c349b494c5dcefd7186d1ab4f15a258d
46e0508fde225ab6952876e854759ac2f06d266b3ff6159c277f1647a8e03dc9
================================================================
cipher: ChaCha20
   key: 0000000000000000000000000000000000000000000000000000000000000000
 nonce: 0000000000000000
offset: 0
76b8e0ada0f13d90405d6ae55386bd28bdd219b8a08ded1aa836efcc8b770dc7
da41597c5157488d7724e03fb8d84a376a43b8f41518a11cc387b669b2ee6586
9f07e7be5551387a98ba977c732d080dcb0f29a048e3656912c6533e32ee7aed
29b721769ce64e43d57133b074d839d531ed1f28510afb45ace10a1f4b794d6f
2d09a0e663266ce1ae7ed1081968a0758e718e997bd362c6b0c34634a9a0b35d
012737681f7b5d0f281e3afde458bc1e73d2d313c9cf94c05ff3716240a248f2
1320a058d7b3566bd520daaa3ed2bf0ac5b8b120fb852773c3639734b45c91a4
2dd4cb83f8840d2eedb158131062ac3f1f2cf8ff6dcd1856e86a1e6c3167167e
e5a688742b47c5adfb59d4df76fd1db1e51ee03b1ca9f82aca173edb8b729347
4ebe980f904d10c916442b4783a0e984860cb6c957b39c38ed8f51cffaa68a4d
e01025a39c504546b9dc1406a7eb28151e5150d7b204baa719d4f091021217db
5cf1b5c84c4fa71a879610a1a695ac527c5b56774a6b8a21aae88685868e094c
f29ef4090af7a90cc07e8817aa528763797d3c332b67ca4bc110642c2151ec47
ee84cb8c42d85f10e2a8cb18c3b7335f26e8c39a12b1bcc1707177b76138732e
edaab74da1410fc055ea068c99e9260acbe337cf5d3e00e5b3230ffedb0b9907
87d0c70e0bfe4198ea6758dd5a61fb5fec2df981f31befe153f81d17161784db
================================================================
cipher: ChaCha8
   key: 68656c6c6f776f726c642168656c6c6f776f726c642168656c6c6f776f726c64
 nonce: 2168656c6c6f776f
offset: 8192
5d835444be411761c92a7f3a3a9f650a9d263b7fc219d32d79a73d1b8f1dc835
9f59b5c82a34ca9be6215bb7ba153ae3fdfdf2eb56619d53a601169a0b0929a0
1cbe7f75cd73e85198dcddf07bdc76ad252eb3bb81a232f7d08d78d9ef6315b5
db0b0df617e64dc0ec424c96febee54b2939928ac7de08e08e60d0647bb45586
0fe95dbb93b3ab5a49eec2521338460f7a263868480690a204507be9a1382f52
450a80e76db66f1d81dee9243fa331da98d94c53c19c7015f2d99abd9eb06adc
ed0db4b8ad771417a6edab0da2de58ab6760c95a089066334e8e70cf51e5526b
3e24d90267dd0c6fd1d98e952f84bac9e8ddfebd2db503a89fc4c42724ded110
cd36933108d5ed11a135e49ecdf4e597295954336f6be1367535ea4e87bc7de4
d3e60123473028a98253e8f2e25fe43cce8efe3878060bba34e76252c72d8e11
4ff1eb5262f6dc1ddd5a182a966f89cec2c1625845221abe68d1016cbe289ad0
bdaa662435b9ebf67a5c0935543ff702d040c470e424e6aba8eadef567ce9be3
03215abfa9d7f5fd6d9682679da12cc9892ca1253dca08fee48177874dea0c77
cbd905eb3463d995cfc27078b8adb7f272103bb00cf933e6f867f45225b2ff4b
329c0dc28b4609a337520973caf4d713813912157f6d811db9b558f792739742
3034f8b9aea740d2a8f435feea9e739bf9a66f8e453a98649fa256e52f6fbf7f
================================================================
cipher: ChaCha12
   key: 68656c6c6f776f726c642168656c6c6f776f726c642168656c6c6f776f726c64
 nonce: 2168656c6c6f776f
offset: 8192
0f912d966db6172962de5771ba9afec4e3b5193c63d03b2e6a1e551c62a723ca
457c15b23786ac9d4b33364c6ac91c1bc332cc3a32a000b85392ad73d27ba773
fed9c152e0e7ce59891bce7264ffcb0d8631f833525684062a9dcf268ace8fe0
931f46d7e4099c5661488f98f168a261ee0a806fc25da92bbff4da69375cac98
f6584ccefe8aa83a3634de695b6f88617bd5dbada4f17d7f16a9f458133c07c7
3e707a825453dca091bb07ab0d618814bee88c1b1ef59989203b1726704957e3
cb8a27d7f288593f3b43e57ef5342e408d0c533c8910710aa8e99245f718e950
be6f9f33549c042b1dd1ec945c71a38cfb4ba394eae4d5796a8e9541a27af487
8e4d9fd9de4bda19a68fc316fc7e6ff2a66151dea8595c973302df20c1b0821c
c4a11beb86279ed511eeb6b1ca81cd52e628b2469073753a610f599789edaf33
53d82c74dabdee28a933c14daed2d3f4be6145b5584051c44b236af2a8336632
221879965b4c97704871f243364007fe3184e060d084e1d63cdbf54f20662382
f72b17c9579f6db2f14a93ebc42f48200882ebae9b16ac2af89398fc41634f14
4f4e11dd0a1ca1b5bf916e72ddb31e0b25ee3f7768306940b9d9ccbcc6e04d48
a2f7f7c4eda05dc6f1cc274d3683e3c7f7d70b75ca7ca4335a816436ac53c9d8
f8f5fedcda7bb3180ddcc8bc1b1826b4f9d8cbc650de7ff80aa83066ca716216
================================================================
cipher: ChaCha20
   key: 68656c6c6f776f726c642168656c6c6f776f726c642168656c6c6f776f726c64
 nonce: 2168656c6c6f776f
offset: 8192
44bf1b38ad64e3b97e065e289e35740da99df242275796e891bf5d7ab49c760a
754003345eecd049d67fc52018f95c0add2d813a7e88d41c47b2da0e912ef850
2c8fd9f6c271fa213d39804693f3aed86e6518f2a09b3aeaac951b88de901f68
df15fcf57be9848da8cb65b54b66ed5631379650c051e686870365dfc3acbcb4
5f230794153c0016fa6f020ffef7cfadc09b4ad636b4262068b2c17a13063918
33eb5fb3ba17494e08dde3039f4c9b0ec11a743eed64c282dd3305a208eeeca2
7ea99bf696c8926c87c277b8e0b9751f081cde30080e7b6c6a0633a21783fdfa
d42e7365cf7b5d0bfb5d0bbc0229d72b7320fa3cb36c6e793105bcf20e98e394
defe116d656a8aa7a55ee455faac9b5f14b0cff260867219da9e76de436b36d3
a7ec572fba315ee811f0e19b8aea94b42543e22196237d58667caf3bd4a1704b
2135227da4e4f2e05937770471e0329b485984bab596a30f1bbf9c079f348291
531bc77364c2d9c0c386ae7c57cfd6692482b20264c4696366df8785523c055b
3425084f1166910d85945076614110bc10c132b7770154b0cc7075783f9620c7
27b7b675df4b951c29c94226a717352a0e09235b44923fd5b812dedf1cb29b25
994c070fe0ab8472a25020144c9426f121cb336b453345246ac1670ba90e2520
b82fb9cc0adf8301f056b943d65d899c6c36834ca90a2c077177cfeebb53123a
================================================================
cipher: ChaCha8
   key: 0000000000000000000000000000000000000000000000000000000000000000
 nonce: 0000000000000000
offset: 8192
8a4db0731425fe4ea8955477d7ef289aa47095aa4ad3f1e9f7ad19dd8be2eb5e
3270b329d550e1b750cfa249f768c68a73fea0413f06e0b9d32a130c633dc7eb
1ef60710d70842c4b3f046e0218e0f840b6db88b640c5320690069646da35486
c40c4bcb88d27d55999baa2e9c6d312d8952c013724d026c976c5750c7d55096
30901aa3d2053a6b35ad239be7d41b69f271a8fb911436400836f53e55e2ff72
6ece80202f93e3509c041fc03ca51efc389f6776ffae8de2833d2a5eba0c2f10
e3c5376ea968ed729e68c720cd159b4ac20025fe3e7ffcb36d1d3c5bb5c8e5a2
c5413974d7010f1d3ee06cf20509b06bbbe825d0dfb95e8c9cedb4aefa9530b1
2dc8add1e4bf934e26a639866daaf21139d95bf62b67b66d04773281b77f0b9c
f6870228935dde85e0326f8e6c6da8d7116b849e3c905b45c557df7b02afab23
3681f0c7958138bd987a19e3d979e8c5a33b578ba5d26341d110befa238bd5d9
9d127f2fe4ec743b727eb787a2f344608cdbaac76c309ba895b0d8578ddfb8fd
c3778938424ccaf082a12cc8460de4f094c1161c77aa49c83999b9f6b48e1ff3
9285aebcf70e6c42954b9da1ce12b279d33f1efe61ad90fcab0efacde928a89c
24bf9d08cbff3c7ea4db82e1309b106ef4e978834539c008756dc332af8322e0
78016c244178fae8edcf81f49f78e79b96238d57a2bc70e55bf5a26e683a1870
================================================================
cipher: ChaCha12
   key: 0000000000000000000000000000000000000000000000000000000000000000
 nonce: 0000000000000000
offset: 8192
9ea04d11fb94260d20a4f93c73ec3ec75aac4c1d4fbe95576ac94cfbec84f469
82855675133549796e44b65cffa419fe73094188e604d37a81237fdc9c5f3a5f
73baeb07774a011a7d602fbc2b9bb19c311c377344a4196305ba8dc49db7bd48
102d44bf96e9357b338249a26003a6d9534f9498ab641802c83d8658d0102f46
e8530c24435f899c712f9adc22f6dd78a7da904327ddc4e514a23e54fb09bbb3
f14174970ec41979bc81473e176d4b3c032cead23c1cb4385b1cf0c14c19cc41
91e2ef74981114cf9278c5e06d23d67ddc1b4dd1d685f9c503c4b6ba0db267f2
c25a91c2c144f03ed99853859034e7c5080c2cab0be988624187750458e4a2e8
23f2332058be7206c6558344d49d7d3c15ae4aea709ac3c5825daf021e1c3419
d2a8d6ebf8c2ec2c8b070a69dc298d2893dd6f9c4eab6926e8155008d10acb40
62a2b0aacd12aeef70322fd15dacc51fa165fbe5df69ff15a0218ebdcd1e2821
eaf778de683bc8e1ec53e34f905ad1eccfe8270f1fd65d7775ce93456714d50c
5a7848ba9b923b0238c2e6df5ff463c4472c5cba9f9c4507eaf7d5667c91f43c
2dbe4387da5fdff4d00e2590b75d8cfa7b47e6cb753651ee80e5b00b36bdae14
a7dfec014f4d0b72dbfd4d556f1c89a5db6b9c3eea780c3b46f1998aa3c54503
eb73ddf5c70a6235777dc9f59c35b32945bf0cbde371d9afe10147194110561c
================================================================
cipher: ChaCha20
   key: 0000000000000000000000000000000000000000000000000000000000000000
 nonce: 0000000000000000
offset: 8192
64ad5d4dfd97afea392252c009964d0a6a57b7f434290943329db36220c60775
6e8ef8785ef24ebeebf3a3cada187fc948b667517f9fc0983970019823266d2c
39c2b6bfaf6961ec889dad63814b5179180d0baa176f3fa53a91582059837ce2
abace8606c64a03c256cb14f507df6e9cf49c58564709cf1a8cdea5e8d46ebce
f0d1b209c9dba3613bb66f80ec0293b76de57edbb996af768d6ae07637a79227
62de0e6c560f70309d784286ad3999b1f369477c020a167aa4bcb8bc0f7c4b42
a99a3399df66c3b77fde74e24961533457c83408513012a7f27962bcba1782cc
58b0ec4571d7eea15583e8cea9e852c7df5291ecbf19d8d5e9547ea8535580eb
b05550161623d21dc227f7dfe637cae462ac838889dedf02799ec8a04ff7ace7
7441eb6b0eac5d0188396a943af403e1693c56253c61f28cb45491a443d6ecc1
ca8f73eea4d5aa9a0aa62051dcfbcb20511893c2d9fef723a905a1e9c21dd5b6
023ba5f5b0ab68d3edee053be36e91e82e91ccc9aeb5f1bf3affef93857f4cf7
0e5f9ae93bcb241cc7049c05223f95f7f01321b5dcb06942739c740d8e105e83
e353a51b9ba4c0ba82432bcacd0dec3380f4777cf3b1151c37819588c8df2a12
51b388772d0a68c5fa58c1eb3db79a0f959be9d183c349714333f7c52b47def8
2309e3b387ad596c2d5b2d4318cd5ef533a745619a1056cc3766a9c5a2f4f6d2
================================================================
cipher: ChaCha8
   key: 5a6f6d62696520697073756d20726576657273757320616220766972616c2069
 nonce: 6e6665726e6f2c20
offset: 128
f81249b0baf1b8872b53a61ea8605619a2b36bfaaa92505b6be6ab04bd7b6e19
43e7c17250b1a747aa7e5afeebe9a4dddecd010f9d4fc60688c9cc8b7e15690b
31c6bc029ae0bb91086cb0b458b0f8b40e0159eaa94f0829fc3848b80fad5daf
422d514a080b98d55c25e058ba43d9efbebbc4aa30352085dabae42a62245e3f
0ddbcd64c056a23dcd35841dd1f4c4a3e07f00e1659affe96e7d9065306d48e7
4614a945773f84216e5f8289850b3c9bafd038f819ed670c17ba4f1435446edf
eae6d11a201df2a223b27a860e9ee12b7b2e9a6953f188ffbb3dc9a43a693b3a
56f80158101f50a96546e764231f1e35a8c10630371e8616472c8b8db61c810a
de727c3bfd4e1f74f66deceb689fe4e1841820a7a0053205b7ab51306382a8d9
5b708bc21672bed03914e0fd68fd9aadf4b7a184358b70d2b630a8409e44d136
a600d5b4f1563033405e094ff5ac14c1e7338f810b44d6d47932a8a32fca889c
e31ff03e856c104fe0765111be6c0c1eeed4c450131911ab39294b1ee05531cb
6370e0b8927dca98ac87f8b1e3e688a2494af86511fca6a66eac6062b9d23b45
c898449bb8b75a303797979e8d26d765586c6bc2c49d2a8c00465aea8d5a663d
9d6937a5a86c20d73ab4ff71a97bf39fbdb97dca79abfea4697c8bf1a9af604a
2c9106250ff45449d4f7f7c30b53456c9fc21b907e8d17da95d52d130ff735c6
================================================================
cipher: ChaCha12
   key: 5a6f6d62696520697073756d20726576657273757320616220766972616c2069
 nonce: 6e6665726e6f2c20
offset: 128
e87e1b63ce248837d2ce80714131c71e9059edb6f90d26c476c555d9989b0090
e2a71fe0a4ea9cb14b9416c4c283121607b3d486b9e68e359a60229c2e268774
31390b402c8fc2e533b09e0f9ff5736736019e25a34cf674d53f7f2783a08a4e
674d45e2594e2ab6fefc7cf413b3dd9acc662219c80f3651b3f7319bb9373343
4667c159600cc134229965bd0bc417322d770147bccc028671222afa81d5e6fa
ee44bfef760e55920e329bba1fe79e79a9156ece13a3f95c4dbfcaa73ea5f50b
48e1f3f648607e436b872932c5651f52016c22dff0c5861b6c4a75e26a725d02
d4c076cef6a9d90195e8da33e1fb3c80ca795761b7e54ca66792b34788954adc
b8dc12f32e1ea95916b19eaf197d0f6ad709998d56d33ee55cf0a3a148abe18f
3d9834d34047ebd7560642281cbf144750a7f2a6fe2ddd4390ee929a2378ec6c
acb0b8a788ecb97cdc5f08bcfa98f6820afdd8bdefb4c374b3ecd8d5508b8748
672c03e48e2f0d06cdd56bf94032545bccafa43e1719086ad8e6b70052135172
2568ed42672c6b041975720d18694c9c55edbbfe9ffa723f4c60c53a3698e966
35817c683835ba68a0a14387870962fc2cfc4a60c32c1cc058374bca69cd7d51
cf835f7349a9092c52f770a20ca54e22bf967c11f74dde8192056758d87fdbb6
732c8a507ce9638d4f223f3a5852ed20a95e31b86342827ab311915060357e6f
================================================================
cipher: ChaCha20
   key: 5a6f6d62696520697073756d20726576657273757320616220766972616c2069
 nonce: 6e6665726e6f2c20
offset: 128
9fddb5181540c237f5b262e8d2e7df2cf4f46bff3268524c085759d387ab9fe0
8cefea9d5c86eb9d19d624c0c92e4a145473f652fa0559596f0a37e847a9c133
dd0247e86c98954ac8bf9415218e465cf9651b373f759e7dffa36148b9493246
5e41c2baf353c231875efa6f801cfdba10aefa058285052f6a09e52b1d717955
5ecd0018f99a526178dc9bce71f2e6be183ffc7c4bd551c40791430b8d8774c7
2f5157fdb8db2a2ebc8f057ddfcec5683df601f5d071036a72c985601552500f
ea455e2ed3b7e33505b214faabacb254d99a7e0905bd73001168b72f63780522
3dd0b3340a1738cf20a397683657386c9a044052a4373e152f8fe8b60dacd787
18383af6ffc51187340810842f7b6c9bb5af7da336962782db08b72c6ac8168f
f98c6df199e7cd6b0be45e351478022c32da5c34f06820cf553281857aa7a38d
4dff6c14b0a3b2e4150dd2f65f1ed0c7680a3db043c139a3d47053170ae56b8b
6125ba03d8144760494da98240e3b4e01e4eca8b55e55484dac7c40d9ec3e36b
43cf8e5f2c2f781e03ca143f1c5cfda23de592e10a3038be520dc36489410d67
be1bfe1e4b3dffe817f628af2a44c1d402f906c070a460973274e8d49c9b2d88
add3c7dbad534455cbbf88eeacb37051fd266a4b6aadf4b11690cea40c8715c6
30a4991a22ca531be777fa931b26bd28a574bf087e00162b8e28e4dcbdef3fc9
================================================================
cipher: ChaCha8
   key: 6e616d207269636b206772696d6573206d616c756d206365726562726f2e2044
 nonce: 65206361726e6520
offset: 512
79db7290de73b4add9f8d2d7ab10066cbadf09bfb6f596a0c2805842c62d0366
d56cf59db8f8d9a2bd8df289e1fafd76f837d2c7d5c2a8d1ac1d27b55682566a
0cbf14f4b2bf9e0723dc16147e64abac6e33b5d3895b361cba15e342690fcdd8
716d980f8af95f2894690d7cc34f426fc586dfbb667e28a6ed7e49909801fcf2
13363853c1b07d891ac91d751613e97ce68bef1012f42087c70418f2a8bfa62c
40562d09e65a890e20cba45ac08c9dce2c0e18f55251d1f4be54050276d28b66
bc4471fe96e0897143d6fa3485318f0cff16325ee075acb68a6b7e25f38702ef
66364f278813723acd3b7597f0a53e6f66f3fabca5ec0d969db294d26ef2f207
7fe02161a527894229a98da5c9692c85f5be0d8d8ef791ec038b06f63c1d62b8
40ad6c2d64246f2c31d7a22b58a8492789f7f9c3cb0df24497b835157342a976
24cba5ad37e711aa77e42eeb401537e919fb3e7de6aafc7969469c8686e2029f
9915ad07639b21d70b4db98ed94e6c9648419eb94470a39416f4ca1bbe54c4fc
dd41154bd006d90ffa937dccfe374a3802034461c7516ed0307db625503c5d38
82ed9451b3fb51c234fa718f301b74df7e3b19dca23ade1da55048191f06cd44
4a6d668cc33819c5570527b21093a825b1a2e0c38f115694430e8a5e06cef7e0
aea4b2c4176ad924129e93895a62d2191a73807bc9df42e69a601c4ab42e4a3b
================================================================
cipher: ChaCha12
   key: 6e616d207269636b206772696d6573206d616c756d206365726562726f2e2044
 nonce: 65206361726e6520
offset: 512
a058cd3be4bbfaa36683866df0da72ee6b5f6b52142be8032d7e5a17633c9f58
740d0be18c11a9c4422ce2fec020ad65f5cf434f6cce69c9843e3ca4b891e605
ed9537785908dbe63513eb08e4576ac7a26f942728f6124e06cc10da97d8ed04
0e154201c63cce3e72b4e39e3ee655e99c456110e6f2495adf6a6e3fc61b2e96
76dad6194f57f1c2e8c4214bcbbf3820caa966f25f05dcd0761a4424f62e34d7
ab0454ece212c0675177204f19dc45dbc9a201af584f547c197c043108fa6030
e58113a04d77d7f5f67e02f939da597a7a08f26be088ce36fb5bd139d4a00a39
1d69a4d5a615cb2185c39da06b1a421f8dd46431657d74983cd74dd3b13c742f
4f8cb3495c02cb9faecbe335cc6194fc8b55e665fe1f24140a1978e03db50229
dd8ee5d88c594b0395fa790af99368858c56166f45a29d012773a4c1fdd29b68
cf1a122bc39e7a4bce35f81e02a6380b74eb42ef1fc6c6da12df0b6e5e64c9d6
1d1e159352e0b154a121daef80ae5950c19ba61e1cbbab2d5868a5fcf9098fa8
5ea070364ffe40348fd1c725b07b19e6b382b109ce35ce51fcc391f38147e8de
02252d816749ed3cb789882253820d9265d0f32c73624820193485a6cff51091
f9902362b31ae019cdb23eca1befbab72f8185f69ca63c9267e0a9ed4b6316d1
563a0d40fade09db299de67e059452cc8950cd419873ab1171a2b94982d2e0c4
================================================================
cipher: ChaCha20
   key: 6e616d207269636b206772696d6573206d616c756d206365726562726f2e2044
 nonce: 65206361726e6520
offset: 512
e2dc054a0684fea34d9b04f8081d11eea70e6482394040aab355db9aa3ad8800
ee9bda5f95c094e1dd57bcf521d997f029b005fc42d91b28c057eee26c612c09
04fb8e30250e23d88176b57973d7ab9e7f92d444dc32982484aae7e43a0f6f82
7a9d365a2c789102e2ad061b947d73251979f53664c65d74d4cab4f3abea3c26
703ea1e12f7dfbf15c8a97ba1750fd940c64ec1b8872f6242e1e2473e6aea3d3
b98950dff83dd4ea7249f71a844b57447351d3767a343f6c064606bd51b75532
44c7b8205a225ea521add0193ffb7365296254776d63a7109908a04feadb6492
c21f4a23637537392e66d896bab8ed9a9647fe08789be1a45ae57b752239a080
1f068853b645e93157b18cc4e9801b83c3f50ac5e9e21815dc266ab631536b2c
b50c5372bace08cfcdc896f835a67dfa700593c62bccec68d0006fbdf9976bb0
76c8d43280fd6dfd2bcff29a401aa8b9fef3b6071e687f937d0b791077461e97
7553e5232e948a7a1e797411cc544e3cbce7b48951dcbae238d44bba0e317a81
0ddce5df8d982ece6a33c0a5ce86c1b66504b163a42d7a348db301e59ca5c1e6
972957dd702f4c5a712a8b963a3be0c697e36f0a297f6f68c45e30ae46ab447d
37eea5e70597f9303ead7f36a6c6a4e9bdd970dbe310c8781d40db4b389922f7
c851d8f4ce9dd76d9826180cf69a1bf3e219d61c9da48ca0deda148180cccc3d
================================================================
cipher: ChaCha8
   key: 6c756d626572696e6720616e696d61746120636f72706f726120717561657269
 nonce: 7469732e2053756d
offset: 640
d01383f3bd679126b2b9fb5b255cd3b041cb5bc978de64aaf472570bc63a1925
05c50624043bb652ebe11522695c3c71eeb18eedace001d422e4662d69f5166e
82c20161a60d12e62330b1595e2b99f2233e8c44bb3d89762db7662730b1574f
8343c611affe4c46ddaed97519354d65fc78cce74ab975d0cb203eff3a2d949a
5c3d52d7ebbf7d09f159e669fc523365bf42a7215415d52ad967a6e16185329c
a38208161921ba752dd7155d608d603e27ae775bab191ce0fb64e3cf3c84cccf
9f3006d1efec14a020cda7b99900e9ee64fe7b7dd4dcc4f5819fc1a5f2326722
1a76293721868b918b9268f3af6919b2492abf908e0fd6c1521822c1d753ab94
54a9d9941f9ebf7ea3e0ff334bb23c3e112978c0ba64db56b1d95493df73b0b1
cc6c3913ccf2830e47bee7d36d39a72eb8509db4994714ba33c2c3d16d0a5ddf
3354a16207acc6617fb17d6515a34404a7fc8d8879a3a24834ef98fe5295e4ba
79ec8ffaa1d0d77335bbb14a01aac19756dbff3ce6f0087c75a6658f36aefc70
598dcbf00bca8db0c97aea5c74f63499aa6a116b9a8e5c8c05f786d269d1f4c9
051ad1e294ce1f4e717bd8344488cc659436b59d3412973e612cc0964e47532a
ca423de8f75de5e0a24bc3a1a20f651568e03e23fe8dde50f4c7450d672be160
f4c22a9071ca78275f4400f16b5433ff2b328ddc6930d09ecc893128e18d4908
================================================================
cipher: ChaCha12
   key: 6c756d626572696e6720616e696d61746120636f72706f726120717561657269
 nonce: 7469732e2053756d
offset: 640
9e9cf5213df41bf1d8fded43615f4f6deaace4006e876c88b2ab7275052e2ca0
8bd5089de8cd30f9d89e04f0ae2f2beb7302bb2e08b2b186cef7af1de053310c
acb5433ca16ba97552f855c96bcf72edc80630d4118b98e15ddbf7af54fbed69
bb9b00ba9bc9e4f57baea55c2947190380bd3a155c7c8f83cb9641f312875f6e
58fa9712f97cfbcf05c3dc3eefa0f4a5675b82a7757e90db72b31e26b962031d
06e2aae8e9af56eee2d93fa72d7dc9b97c422a1b7e58a72e3f87b250ebcaab3c
c5ce8281fe36cee860102517030954d1b8e5cc50d6a5e82a430e7286c3a0e7f9
ca9bfa57bc71bf471aabf06325501421d0ad66530b2f23a0c9dc6ccafacb6f48
2f6903835f7f92464a834493caf8b524a14e74c4b405f838443f1592425872ff
0b3493e48cdd900e46dd90811004a42e2da1ddfd59cb94956570eaa924df5ede
beb9feb689339a635aabf5176185f226cf03072a8b7f6ecf0716cc40adbb7342
6b88d19374b55f2e3db8ef53cfaf5915be11c2d1b0b725d9ad415a0b9f2f9cf6
56faec2612250caa3c0d593d23435df4be45dd30a3be0f9b5bff7bde417646db
790bc41c437aa71a2ecfae027d3ef0e6807260e77022b972b7105da842a05778
2c1f9603982a4c2d2e1337a94fcf5595dcd5557caf5135a8194c495be78639f5
91899bbacf3c6437777e9621b4e1e2b3736e479935c435fe8d1981ab20bdf621
================================================================
cipher: ChaCha20
   key: 6c756d626572696e6720616e696d61746120636f72706f726120717561657269
 nonce: 7469732e2053756d
offset: 640
eb70956fc6bd0c4110b098c51b81196241d81b27ec418ed3e4a13d38e3e0024e
c7ea2d0e91d111e223fda51878bbec56efbb0a6fd93a8e50e43db4b826eeb2bb
c8d159550e9e46fababc5386ce1db4cfb17273c26e4c225b46c398e6bbe47394
30ed9f42db98c7ca050964945a3df732c04298d720a5d6436fcdcdefd2ff39b1
3f4c9b3e952330e82446f1268cfb1adbdcba73aa841f25b6d4de683f2c19ca26
3f962d96a751944e72e45d138debc07cb23dc17f866e288817ef5650b6d1b370
d050ebdf0e6994f0db205f83184e12edb825a354736a8de1a46366d27f904005
2c632c9ab4ddf4d858d7cf0b4a94ac97a35b581f44cde9a1ead95d2a5f21e5ad
0a9683386e2f1b84ddee00d78fffcd0b02e6ad7448198d596f07ca9ad184f20e
e48e4526a6a76322a8719ae7e7329557bcd59df9d485453bac158d6746d8ca02
c1e1d6d7dab7c1ce8d1e646d0aca7fea55bb0765b674c6c7021d1037dfeef4cd
06858bc1c57fca616648219a5fab155479e2e1d0084bc3b6dafe7f07d7bda62d
2df3e921a51d29ab613db019f54ca71bb630c4933a2219f77c6d70aedbe72d15
7d1a370229ee2a24fa7e7fe7d39cff20448526b03d9f18805ecbe2ef30acfb0d
889801bf51fa781a21728b40d07ecddb7a2d827c1ccb0f7d7f2dd3f2fbad5854
841d0e3b12d949a837b3f6eb82dc0615a37981b6dcf7ef5403f86043a8097767
================================================================
cipher: ChaCha8
   key: 6d757320627261696e73207369742c206d6f72626f2076656c206d616c656669
 nonce: 6369613f20446520
offset: 704
a4cf0a042f8d2bbaa3d77e85f27bf5ba1b69c3e663aa2d9a470ba8180e20ebb5
8da25030263780634405cb2faa631736955cb7c86df050463f9a5ea11eb739d7
88af99618409a7bc42e76a85f7bd58f5dae06613f01210e74f3279dda5e66137
2fd5a0ef52632889d251b332902bae21296ad265d84a19eb2efac78c0c8fb444
8b5e21c44f25b567d3cd5bd36919f49c39325537e48911c7c0c8f17f92004e69
142dff468c750fb99c443dc6d900d78a863f3232c5932487ddd19ab9c7bad53b
c272b083a15e1d43d0029fad9217a717f4cc9cc9321e4d9dcd1ef466cd46cdd5
3d104037eb0dc1b584dc4b35f8b4ec36fc97f4c16e8c81c1e110b9150a4677cc
366698fa67e848c4943ce710210f2340e764fdb25477096bf956def03f3de132
ce43236d72ce649107e0dcaae0010d9f38974b0954af91932c3060b4c1b33d59
bedd83f0657b945fbdda3093c8efb7212a4d99cb1f794f2796bdd3685d9c2537
58e00795c66a886aba45da810e13ea4fcb58bd77599890ce084a342ddc551772
4ab008d596ffcc810a217abfcf63953af79bc16ac02089e97faff6fa9974da16
2332f67a10734d5cba463d1400fec180fbdc4c0eb11fe7de4b54d69a56b30818
7757d16a8d091fd3726863a566c8da2d58f9bf2c01fdf3ee0e4e325e4274ddb7
e22255c13af21a6901346e79b8b2d7e6e44e943436c49a0c460f1f9bac3e8b38
================================================================
cipher: ChaCha12
   key: 6d757320627261696e73207369742c206d6f72626f2076656c206d616c656669
 nonce: 6369613f20446520
offset: 704
2cd09187231246e2c069dda07f7f9c244e9b09a024d71b37e4eeb587ea5c3671
15abc1d5a8e46d58ea97bf1d8ec739d900965e64c7fe8482ec55e2d4d58f6412
34564b3e1d813fbea32a80d28dee509003d4cc2ea4833b12518bb83b06036db6
a0db1937c72e65d55cf60a4a96a99506730ff6a51ca8967beedaf8714677ee77
6737f0fb7c1d16440d688ba7bcafb35225bc9d9d517b1e203605306d6eb63da0
ddc857a9129c2ca1f0c383c02030b74b58efb5c498b97a0e02779340858c0561
ebb0da5f6be6495e8617d2dd8eae30d7c65f6a569b40cfe38f3aa319c5f4bc12
4a948988fe84a41aca962947317d9ef71d8102fed62fe8f99174c410a6d045bf
a9c35fd9d1983393a4b1b7efa8f9fcf216499b214a838d82b89be70bc4fd4568
cc4bd20827c84ebbddf5665dbf93e7842339ecbb82ba705a6f6bfb0ae66ea690
e88fa724092220ede8807e5a33952fd014ede97bdca6616c18ad6ef81f10614a
912c8385e83fd78375b830df131f4f17e74d5a7e00efbf73c48180086d9a280e
88a1dcd2cf55a9c111814d1632d7893828ea3b44bf27422a3d957b438f0e60ee
8228f70d0cc81574bd032eb3ae296a305e307e45b7925cb22a5f238feae801bd
67cdcccd69722a2a39671adda5bc7ddc2a614233a6dac673c881e0154333ba8f
8cfe5bfd6341654fce41ffcf8871dce3bb9a2356cd09d5b569afd965fc6fe93f
================================================================
cipher: ChaCha20
   key: 6d757320627261696e73207369742c206d6f72626f2076656c206d616c656669
 nonce: 6369613f20446520
offset: 704
0d7c327d480c6f8326a0f8b220b54d2730eb316f3a1510344c60ab3d8823dc3e
831f80a63e83d54795bdf278ddf586ce29a2cd77951c8eeb4a7a47a3f5a5d2a1
0be4921061735c4b0fdaaff9e00d7f452b1010961be710bb98a1bec7bb2e6142
890991e17499672958eff68c681a8d45da4fc1138d7f025cacd88b50698ae4a7
7c4725753a9643ed23e2dea8aa8b6bee120b2fa868f78f77312353a20c70b722
ee78679f2b8c6aeecdc359f66a806c41f87bcc19b96f0a3e14ef01c12a6314ef
5566f7d35faf3cf0357b3f5b21a4d596e4c2e3e0245fa4ce8023adac4956dc47
7f07094532f23a34c8bfa6d3372cc1ef373689369827ed0b257eab9646d1d8f3
ada899aa10eebe22520f76312df32b1960bec4d9b35c9219cd60d56864bac377
3c4c2e95a64005e407d878e7de139c30c96bdb9764a2aee6f8fee34b193d5a6f
324fc7a2c22fdf557814068822fa10162417f8403dd8714894f91f54d7f7d62e
bb5b800e54e5093e7a6d12ed7bac0f11629c14630f2f3da47f579f061702f98b
d8398a6163b63aba2c63a09ed6c3e84f13f9ef13d3ad37cbeb0dd332cba60977
62e4ce96b00cb605523b0210ba890bdc81c0fc2a2e8f2c2b3134273aa43afea8
36afce896ff4531d4615bf841ad71a791a7dc78601c7540d71175103a45e370a
b7c5e07bfe7b02a446045c8883d5781bcb33a01068f85eac3547adb93c050b7e
